============================= test session starts =============================
platform win32 -- Python 3.11.9, pytest-7.4.3, pluggy-1.5.0
rootdir: C:\Users\Pradeep\OneDrive\Documents\Code\Github\ContextFlow
plugins: anyio-3.7.1
collected 0 items / 2 errors

=================================== ERRORS ====================================
______________________ ERROR collecting test_registry.py ______________________
ImportError while importing test module 'C:\Users\Pradeep\OneDrive\Documents\Code\Github\ContextFlow\test_registry.py'.
Hint: make sure your test modules/packages have valid Python names.
Traceback:
..\..\..\..\..\AppData\Local\Programs\Python\Python311\Lib\importlib\__init__.py:126: in import_module
    return _bootstrap._gcd_import(name[level:], package, level)
test_registry.py:2: in <module>
    from contextflow.core.registry import PluginRegistry
contextflow\__init__.py:4: in <module>
    from .budget import TokenBudget
contextflow\budget\__init__.py:2: in <module>
    import tiktoken
E   ModuleNotFoundError: No module named 'tiktoken'
________________________ ERROR collecting test_core.py ________________________
ImportError while importing test module 'C:\Users\Pradeep\OneDrive\Documents\Code\Github\ContextFlow\test_core.py'.
Hint: make sure your test modules/packages have valid Python names.
Traceback:
..\..\..\..\..\AppData\Local\Programs\Python\Python311\Lib\importlib\__init__.py:126: in import_module
    return _bootstrap._gcd_import(name[level:], package, level)
test_core.py:3: in <module>
    from contextflow.budget import TokenBudget
contextflow\__init__.py:4: in <module>
    from .budget import TokenBudget
contextflow\budget\__init__.py:2: in <module>
    import tiktoken
E   ModuleNotFoundError: No module named 'tiktoken'
=========================== short test summary info ===========================
ERROR test_registry.py
ERROR test_core.py
!!!!!!!!!!!!!!!!!!! Interrupted: 2 errors during collection !!!!!!!!!!!!!!!!!!!
============================== 2 errors in 0.23s ==============================
